swift build
[0/1] Planning build
Building for debugging...
[0/4] Write swift-version--58304C5D6DBC2206.txt
[2/12] Compiling spikot_win types.swift
[3/12] Compiling spikot_win statusbar.swift
/Users/icoteril/workspace/spikot-win/Sources/statusbar.swift:53:1: error: 'main' attribute cannot be used in a module that contains top-level code
51 | }
52 | 
53 | @main
   | `- error: 'main' attribute cannot be used in a module that contains top-level code
54 | struct MyApp: App {
55 |     @NSApplicationDelegateAdaptor(AppDelegate.self) var appDelegate

/Users/icoteril/workspace/spikot-win/Sources/main.swift:1:1: note: top-level code defined in this source file
 1 | import Cocoa
   | |- note: top-level code defined in this source file
   | `- note: pass '-parse-as-library' to compiler invocation if this is intentional
 2 | import Foundation
 3 | 

/Users/icoteril/workspace/spikot-win/Sources/statusbar.swift:29:20: error: main actor-isolated property 'isShown' can not be referenced from a nonisolated context
24 |     }
25 | 
26 |     @objc func togglePopover(_ sender: Any?) {
   |                `- note: add '@MainActor' to make instance method 'togglePopover' part of global actor 'MainActor'
27 |         guard let button = statusBarItem.button else { return }
28 | 
29 |         if popover.isShown {
   |                    `- error: main actor-isolated property 'isShown' can not be referenced from a nonisolated context
30 |             popover.performClose(sender)
31 |         } else {

AppKit.NSPopover:14:25: note: property declared here
 12 |     @IBOutlet @MainActor open var contentViewController: NSViewController? { get set }
 13 |     open var contentSize: NSSize { get set }
 14 |     @MainActor open var isShown: Bool { get }
    |                         `- note: property declared here
 15 |     @available(swift, obsoleted: 3, renamed: "isShown")
 16 |     open var shown: Bool { get }

/Users/icoteril/workspace/spikot-win/Sources/statusbar.swift:30:21: error: call to main actor-isolated instance method 'performClose' in a synchronous nonisolated context
24 |     }
25 | 
26 |     @objc func togglePopover(_ sender: Any?) {
   |                `- note: add '@MainActor' to make instance method 'togglePopover' part of global actor 'MainActor'
27 |         guard let button = statusBarItem.button else { return }
28 | 
29 |         if popover.isShown {
30 |             popover.performClose(sender)
   |                     `- error: call to main actor-isolated instance method 'performClose' in a synchronous nonisolated context
31 |         } else {
32 |             popover.show(relativeTo: button.bounds, of: button, preferredEdge: NSRectEdge.minY)

AppKit.NSPopover:33:36: note: calls to instance method 'performClose' from outside of its actor context are implicitly asynchronous
 31 |     @available(swift, obsoleted: 3, renamed: "show(relativeTo:)")
 32 |     open func showRelativeToToolbarItem(_ toolbarItem: NSToolbarItem)
 33 |     @IBAction @MainActor open func performClose(_ sender: Any?)
    |                                    `- note: calls to instance method 'performClose' from outside of its actor context are implicitly asynchronous
 34 |     open func close()
 35 |     @available(macOS 10.7, *)

/Users/icoteril/workspace/spikot-win/Sources/statusbar.swift:32:21: error: call to main actor-isolated instance method 'show(relativeTo:of:preferredEdge:)' in a synchronous nonisolated context
24 |     }
25 | 
26 |     @objc func togglePopover(_ sender: Any?) {
   |                `- note: add '@MainActor' to make instance method 'togglePopover' part of global actor 'MainActor'
27 |         guard let button = statusBarItem.button else { return }
28 | 
   :
30 |             popover.performClose(sender)
31 |         } else {
32 |             popover.show(relativeTo: button.bounds, of: button, preferredEdge: NSRectEdge.minY)
   |                     `- error: call to main actor-isolated instance method 'show(relativeTo:of:preferredEdge:)' in a synchronous nonisolated context
33 |             popover.contentViewController?.view.window?.makeKeyAndOrderFront(nil) // Important for focus
34 |         }

AppKit.NSPopover:25:26: note: calls to instance method 'show(relativeTo:of:preferredEdge:)' from outside of its actor context are implicitly asynchronous
 23 |     @available(macOS 14.0, *)
 24 |     open var hasFullSizeContent: Bool { get set }
 25 |     @MainActor open func show(relativeTo positioningRect: NSRect, of positioningView: NSView, preferredEdge: NSRectEdge)
    |                          `- note: calls to instance method 'show(relativeTo:of:preferredEdge:)' from outside of its actor context are implicitly asynchronous
 26 |     @available(swift, obsoleted: 3, renamed: "show(relativeTo:of:preferredEdge:)")
 27 |     open func showRelativeToRect(_ positioningRect: NSRect, ofView positioningView: NSView, preferredEdge: NSRectEdge)

/Users/icoteril/workspace/spikot-win/Sources/statusbar.swift:32:45: error: main actor-isolated property 'bounds' can not be referenced from a nonisolated context
24 |     }
25 | 
26 |     @objc func togglePopover(_ sender: Any?) {
   |                `- note: add '@MainActor' to make instance method 'togglePopover' part of global actor 'MainActor'
27 |         guard let button = statusBarItem.button else { return }
28 | 
   :
30 |             popover.performClose(sender)
31 |         } else {
32 |             popover.show(relativeTo: button.bounds, of: button, preferredEdge: NSRectEdge.minY)
   |                                             `- error: main actor-isolated property 'bounds' can not be referenced from a nonisolated context
33 |             popover.contentViewController?.view.window?.makeKeyAndOrderFront(nil) // Important for focus
34 |         }

AppKit.NSView:76:25: note: property declared here
 74 |     @available(swift, obsoleted: 3, renamed: "rotate(byDegrees:)")
 75 |     open func rotateByAngle(_ angle: CGFloat)
 76 |     @MainActor open var bounds: NSRect { get set }
    |                         `- note: property declared here
 77 |     open var isFlipped: Bool { get }
 78 |     @available(swift, obsoleted: 3, renamed: "isFlipped")

/Users/icoteril/workspace/spikot-win/Sources/statusbar.swift:33:57: error: call to main actor-isolated instance method 'makeKeyAndOrderFront' in a synchronous nonisolated context
24 |     }
25 | 
26 |     @objc func togglePopover(_ sender: Any?) {
   |                `- note: add '@MainActor' to make instance method 'togglePopover' part of global actor 'MainActor'
27 |         guard let button = statusBarItem.button else { return }
28 | 
   :
31 |         } else {
32 |             popover.show(relativeTo: button.bounds, of: button, preferredEdge: NSRectEdge.minY)
33 |             popover.contentViewController?.view.window?.makeKeyAndOrderFront(nil) // Important for focus
   |                                                         `- error: call to main actor-isolated instance method 'makeKeyAndOrderFront' in a synchronous nonisolated context
34 |         }
35 |     }

AppKit.NSWindow:144:26: note: calls to instance method 'makeKeyAndOrderFront' from outside of its actor context are implicitly asynchronous
 142 |     open var canHide: Bool { get set }
 143 |     open func center()
 144 |     @MainActor open func makeKeyAndOrderFront(_ sender: Any?)
     |                          `- note: calls to instance method 'makeKeyAndOrderFront' from outside of its actor context are implicitly asynchronous
 145 |     open func orderFront(_ sender: Any?)
 146 |     open func orderBack(_ sender: Any?)

/Users/icoteril/workspace/spikot-win/Sources/statusbar.swift:33:49: error: main actor-isolated property 'window' can not be referenced from a nonisolated context
24 |     }
25 | 
26 |     @objc func togglePopover(_ sender: Any?) {
   |                `- note: add '@MainActor' to make instance method 'togglePopover' part of global actor 'MainActor'
27 |         guard let button = statusBarItem.button else { return }
28 | 
   :
31 |         } else {
32 |             popover.show(relativeTo: button.bounds, of: button, preferredEdge: NSRectEdge.minY)
33 |             popover.contentViewController?.view.window?.makeKeyAndOrderFront(nil) // Important for focus
   |                                                 `- error: main actor-isolated property 'window' can not be referenced from a nonisolated context
34 |         }
35 |     }

AppKit.NSView:4:30: note: property declared here
  2 |     public init(frame frameRect: NSRect)
  3 |     public init?(coder: NSCoder)
  4 |     unowned(unsafe) open var window: NSWindow? { get }
    |                              `- note: property declared here
  5 |     unowned(unsafe) open var superview: NSView? { get }
  6 |     open var subviews: [NSView] { get set }

/Users/icoteril/workspace/spikot-win/Sources/statusbar.swift:33:44: error: main actor-isolated property 'view' can not be referenced from a nonisolated context
24 |     }
25 | 
26 |     @objc func togglePopover(_ sender: Any?) {
   |                `- note: add '@MainActor' to make instance method 'togglePopover' part of global actor 'MainActor'
27 |         guard let button = statusBarItem.button else { return }
28 | 
   :
31 |         } else {
32 |             popover.show(relativeTo: button.bounds, of: button, preferredEdge: NSRectEdge.minY)
33 |             popover.contentViewController?.view.window?.makeKeyAndOrderFront(nil) // Important for focus
   |                                            `- error: main actor-isolated property 'view' can not be referenced from a nonisolated context
34 |         }
35 |     }

AppKit.NSViewController:9:35: note: property declared here
 7 |     open var representedObject: Any? { get set }
 8 |     open var title: String? { get set }
 9 |     @IBOutlet @MainActor open var view: NSView { get set }
   |                                   `- note: property declared here
10 |     @available(macOS 14.0, *)
11 |     open var viewIfLoaded: NSView? { get }

/Users/icoteril/workspace/spikot-win/Sources/statusbar.swift:33:21: error: main actor-isolated property 'contentViewController' can not be referenced from a nonisolated context
24 |     }
25 | 
26 |     @objc func togglePopover(_ sender: Any?) {
   |                `- note: add '@MainActor' to make instance method 'togglePopover' part of global actor 'MainActor'
27 |         guard let button = statusBarItem.button else { return }
28 | 
   :
31 |         } else {
32 |             popover.show(relativeTo: button.bounds, of: button, preferredEdge: NSRectEdge.minY)
33 |             popover.contentViewController?.view.window?.makeKeyAndOrderFront(nil) // Important for focus
   |                     `- error: main actor-isolated property 'contentViewController' can not be referenced from a nonisolated context
34 |         }
35 |     }

AppKit.NSPopover:12:35: note: property declared here
 10 |     @MainActor open var behavior: NSPopover.Behavior { get set }
 11 |     open var animates: Bool { get set }
 12 |     @IBOutlet @MainActor open var contentViewController: NSViewController? { get set }
    |                                   `- note: property declared here
 13 |     open var contentSize: NSSize { get set }
 14 |     @MainActor open var isShown: Bool { get }

/Users/icoteril/workspace/spikot-win/Sources/statusbar.swift:60:32: error: incorrect argument label in call (have 'preferring:', expected 'matching:')
58 |         WindowGroup {
59 |             // This empty window is needed for the app to run but is not visible
60 |         }.handlesExternalEvents(preferring: .ignored) // Prevent a regular window from showing up
   |                                `- error: incorrect argument label in call (have 'preferring:', expected 'matching:')
61 |     }
62 | }

/Users/icoteril/workspace/spikot-win/Sources/statusbar.swift:60:46: error: type 'Set<String>' has no member 'ignored'
58 |         WindowGroup {
59 |             // This empty window is needed for the app to run but is not visible
60 |         }.handlesExternalEvents(preferring: .ignored) // Prevent a regular window from showing up
   |                                              `- error: type 'Set<String>' has no member 'ignored'
61 |     }
62 | }
[4/12] Compiling spikot_win windowobserver.swift
/Users/icoteril/workspace/spikot-win/Sources/windowobserver.swift:19:46: error: 'Observation' is not a member type of class 'AppKit.NSWindow'
 17 | class WindowObserver {
 18 | 
 19 |     private var windowObservation: [NSWindow.Observation] = []
    |                                              `- error: 'Observation' is not a member type of class 'AppKit.NSWindow'
 20 | 
 21 |     func startObserving() {

AppKit.NSWindow:1:12: note: 'NSWindow' declared here
   1 | open class NSWindow : NSResponder, NSAnimatablePropertyContainer, NSMenuItemValidation, NSUserInterfaceValidations, NSUserInterfaceItemIdentification, NSAppearanceCustomization, NSAccessibilityElementProtocol, NSAccessibilityProtocol {
     |            `- note: 'NSWindow' declared here
   2 |     open class func frameRect(forContentRect cRect: NSRect, styleMask style: NSWindow.StyleMask) -> NSRect
   3 |     @available(swift, obsoleted: 3, renamed: "frameRect(forContentRect:styleMask:)")

/Users/icoteril/workspace/spikot-win/Sources/windowobserver.swift:90:19: error: method does not override any method from its superclass
 88 | 
 89 |     // Handle KVO changes (for frame changes) - Needed due to using addObserver
 90 |     override func observeValue(forKeyPath keyPath: String?, of object: Any?, change: [NSKeyValueChangeKey : Any]?, context: UnsafeMutableRawPointer?) {
    |                   `- error: method does not override any method from its superclass
 91 |         if keyPath == #keyPath(NSWindow.frame) {
 92 |             if let window = object as? NSWindow, let change = change, let newFrame = change[.newKey] as? NSRect {

/Users/icoteril/workspace/spikot-win/Sources/windowobserver.swift:23:41: error: type 'NSWindow' has no member 'didBecomeVisibleNotification'
 21 |     func startObserving() {
 22 |         // Observe window creation
 23 |         let creationObserver = NSWindow.didBecomeVisibleNotification.publisher(for: NSWindow.self)
    |                                         `- error: type 'NSWindow' has no member 'didBecomeVisibleNotification'
 24 |             .sink { [weak self] window in
 25 |                 guard let self = self else { return }

/Users/icoteril/workspace/spikot-win/Sources/windowobserver.swift:24:33: error: cannot infer type of closure parameter 'window' without a type annotation
 22 |         // Observe window creation
 23 |         let creationObserver = NSWindow.didBecomeVisibleNotification.publisher(for: NSWindow.self)
 24 |             .sink { [weak self] window in
    |                                 `- error: cannot infer type of closure parameter 'window' without a type annotation
 25 |                 guard let self = self else { return }
 26 |                 print("Window Created: \(window)")

/Users/icoteril/workspace/spikot-win/Sources/windowobserver.swift:33:66: error: value of type 'NSNotification.Name' has no member 'publisher'
 31 | 
 32 |         // Observe window destruction (close/dealloc)
 33 |         let destructionObserver = NSWindow.willCloseNotification.publisher(for: NSWindow.self)
    |                                                                  `- error: value of type 'NSNotification.Name' has no member 'publisher'
 34 |             .sink { [weak self] window in
 35 |                 guard let self = self else { return }

/Users/icoteril/workspace/spikot-win/Sources/windowobserver.swift:34:33: error: cannot infer type of closure parameter 'window' without a type annotation
 32 |         // Observe window destruction (close/dealloc)
 33 |         let destructionObserver = NSWindow.willCloseNotification.publisher(for: NSWindow.self)
 34 |             .sink { [weak self] window in
    |                                 `- error: cannot infer type of closure parameter 'window' without a type annotation
 35 |                 guard let self = self else { return }
 36 |                 print("Window Closing: \(window)")

/Users/icoteril/workspace/spikot-win/Sources/windowobserver.swift:43:78: error: value of type 'NSNotification.Name' has no member 'publisher'
 41 | 
 42 |         // Observe application termination (important for cleaning up all window observers)
 43 |         let appTerminationObserver = NSApplication.willTerminateNotification.publisher(for: NSApplication.self)
    |                                                                              `- error: value of type 'NSNotification.Name' has no member 'publisher'
 44 |            .sink { [weak self] _ in
 45 |                guard let self = self else { return }

/Users/icoteril/workspace/spikot-win/Sources/windowobserver.swift:44:32: error: cannot infer type of closure parameter '_' without a type annotation
 42 |         // Observe application termination (important for cleaning up all window observers)
 43 |         let appTerminationObserver = NSApplication.willTerminateNotification.publisher(for: NSApplication.self)
 44 |            .sink { [weak self] _ in
    |                                `- error: cannot infer type of closure parameter '_' without a type annotation
 45 |                guard let self = self else { return }
 46 |                print("Application Terminating - Cleaning up window observers")

/Users/icoteril/workspace/spikot-win/Sources/windowobserver.swift:52:44: error: main actor-isolated property 'windows' can not be referenced from a nonisolated context
 19 |     private var windowObservation: [NSWindow.Observation] = []
 20 | 
 21 |     func startObserving() {
    |          `- note: add '@MainActor' to make instance method 'startObserving()' part of global actor 'MainActor'
 22 |         // Observe window creation
 23 |         let creationObserver = NSWindow.didBecomeVisibleNotification.publisher(for: NSWindow.self)
    :
 50 | 
 51 |         // Initial observation of existing windows (if the app is already running when windows are present):
 52 |         for window in NSApplication.shared.windows {
    |                                            `- error: main actor-isolated property 'windows' can not be referenced from a nonisolated context
 53 |             observeWindowChanges(window: window)
 54 |         }

AppKit.NSApplication:69:25: note: property declared here
 67 |     open func enumerateWindowsWithOptions(_ options: NSApplication.WindowListOptions = [], usingBlock block: (NSWindow, UnsafeMutablePointer<ObjCBool>) -> Void)
 68 |     open func preventWindowOrdering()
 69 |     @MainActor open var windows: [NSWindow] { get }
    |                         `- note: property declared here
 70 |     open func setWindowsNeedUpdate(_ needUpdate: Bool)
 71 |     open func updateWindows()

/Users/icoteril/workspace/spikot-win/Sources/windowobserver.swift:52:37: error: main actor-isolated class property 'shared' can not be referenced from a nonisolated context
 19 |     private var windowObservation: [NSWindow.Observation] = []
 20 | 
 21 |     func startObserving() {
    |          `- note: add '@MainActor' to make instance method 'startObserving()' part of global actor 'MainActor'
 22 |         // Observe window creation
 23 |         let creationObserver = NSWindow.didBecomeVisibleNotification.publisher(for: NSWindow.self)
    :
 50 | 
 51 |         // Initial observation of existing windows (if the app is already running when windows are present):
 52 |         for window in NSApplication.shared.windows {
    |                                     `- error: main actor-isolated class property 'shared' can not be referenced from a nonisolated context
 53 |             observeWindowChanges(window: window)
 54 |         }

AppKit.NSApplication:2:20: note: class property declared here
  1 | @MainActor open class NSApplication : NSResponder, NSUserInterfaceValidations, NSMenuItemValidation, NSAccessibilityElementProtocol, NSAccessibilityProtocol {
  2 |     open class var shared: NSApplication { get }
    |                    `- note: class property declared here
  3 |     @available(swift, obsoleted: 3, renamed: "shared")
  4 |     open class var sharedApplication: NSApplication { get }

/Users/icoteril/workspace/spikot-win/Sources/windowobserver.swift:61:48: warning: string interpolation produces a debug description for a function value; did you mean to make this explicit?
 59 |         let frameObserver = window.publisher(for: \.frame) // Key-Value Observing (KVO)
 60 |             .sink { window in
 61 |                 print("Window Frame Changed: \(window.frame) for window: \(window)")
    |                                                |      `- note: use 'String(describing:)' to silence this warning
    |                                                `- warning: string interpolation produces a debug description for a function value; did you mean to make this explicit?
 62 |             }
 63 |         window.addObserver(self, forKeyPath: #keyPath(NSWindow.frame), options: [.new], context: nil)

/Users/icoteril/workspace/spikot-win/Sources/windowobserver.swift:63:28: error: cannot convert value of type 'WindowObserver' to expected argument type 'NSObject'
 61 |                 print("Window Frame Changed: \(window.frame) for window: \(window)")
 62 |             }
 63 |         window.addObserver(self, forKeyPath: #keyPath(NSWindow.frame), options: [.new], context: nil)
    |                            `- error: cannot convert value of type 'WindowObserver' to expected argument type 'NSObject'
 64 |         windowObservation.append(frameObserver)
 65 | 

/Users/icoteril/workspace/spikot-win/Sources/windowobserver.swift:59:53: error: cannot form key path to main actor-isolated property 'frame'
 57 |     private func observeWindowChanges(window: NSWindow) {
 58 |         // Observe window frame changes (moving/resizing)
 59 |         let frameObserver = window.publisher(for: \.frame) // Key-Value Observing (KVO)
    |                                                     `- error: cannot form key path to main actor-isolated property 'frame'
 60 |             .sink { window in
 61 |                 print("Window Frame Changed: \(window.frame) for window: \(window)")

/Users/icoteril/workspace/spikot-win/Sources/windowobserver.swift:70:31: error: cannot convert value of type 'WindowObserver' to expected argument type 'NSObject'
 68 |     // Stop observing a specific window's changes
 69 |     private func stopObservingWindowChanges(window: NSWindow) {
 70 |         window.removeObserver(self, forKeyPath: #keyPath(NSWindow.frame))
    |                               `- error: cannot convert value of type 'WindowObserver' to expected argument type 'NSObject'
 71 |         windowObservation.removeAll(where: { $0.publisher === window.publisher(for: \.frame) }) // Remove the specific observer
 72 | 

/Users/icoteril/workspace/spikot-win/Sources/windowobserver.swift:71:70: error: argument type 'NSObject.KeyValueObservingPublisher<NSWindow, NSRect>' (aka 'NSObject.KeyValueObservingPublisher<NSWindow, CGRect>') expected to be an instance of a class or class-constrained type
 69 |     private func stopObservingWindowChanges(window: NSWindow) {
 70 |         window.removeObserver(self, forKeyPath: #keyPath(NSWindow.frame))
 71 |         windowObservation.removeAll(where: { $0.publisher === window.publisher(for: \.frame) }) // Remove the specific observer
    |                                                                      `- error: argument type 'NSObject.KeyValueObservingPublisher<NSWindow, NSRect>' (aka 'NSObject.KeyValueObservingPublisher<NSWindow, CGRect>') expected to be an instance of a class or class-constrained type
 72 | 
 73 |     }

/Users/icoteril/workspace/spikot-win/Sources/windowobserver.swift:78:35: error: cannot convert value of type 'WindowObserver' to expected argument type 'NSObject'
 76 |     private func stopObservingAllWindows() {
 77 |         for window in NSApplication.shared.windows {
 78 |             window.removeObserver(self, forKeyPath: #keyPath(NSWindow.frame))
    |                                   `- error: cannot convert value of type 'WindowObserver' to expected argument type 'NSObject'
 79 |         }
 80 |         windowObservation.forEach { $0.cancel() }

/Users/icoteril/workspace/spikot-win/Sources/windowobserver.swift:77:44: error: main actor-isolated property 'windows' can not be referenced from a nonisolated context
 74 | 
 75 |     // Stop observing ALL windows (called on app termination)
 76 |     private func stopObservingAllWindows() {
    |                  `- note: add '@MainActor' to make instance method 'stopObservingAllWindows()' part of global actor 'MainActor'
 77 |         for window in NSApplication.shared.windows {
    |                                            `- error: main actor-isolated property 'windows' can not be referenced from a nonisolated context
 78 |             window.removeObserver(self, forKeyPath: #keyPath(NSWindow.frame))
 79 |         }

AppKit.NSApplication:69:25: note: property declared here
 67 |     open func enumerateWindowsWithOptions(_ options: NSApplication.WindowListOptions = [], usingBlock block: (NSWindow, UnsafeMutablePointer<ObjCBool>) -> Void)
 68 |     open func preventWindowOrdering()
 69 |     @MainActor open var windows: [NSWindow] { get }
    |                         `- note: property declared here
 70 |     open func setWindowsNeedUpdate(_ needUpdate: Bool)
 71 |     open func updateWindows()

/Users/icoteril/workspace/spikot-win/Sources/windowobserver.swift:77:37: error: main actor-isolated class property 'shared' can not be referenced from a nonisolated context
 74 | 
 75 |     // Stop observing ALL windows (called on app termination)
 76 |     private func stopObservingAllWindows() {
    |                  `- note: add '@MainActor' to make instance method 'stopObservingAllWindows()' part of global actor 'MainActor'
 77 |         for window in NSApplication.shared.windows {
    |                                     `- error: main actor-isolated class property 'shared' can not be referenced from a nonisolated context
 78 |             window.removeObserver(self, forKeyPath: #keyPath(NSWindow.frame))
 79 |         }

AppKit.NSApplication:2:20: note: class property declared here
  1 | @MainActor open class NSApplication : NSResponder, NSUserInterfaceValidations, NSMenuItemValidation, NSAccessibilityElementProtocol, NSAccessibilityProtocol {
  2 |     open class var shared: NSApplication { get }
    |                    `- note: class property declared here
  3 |     @available(swift, obsoleted: 3, renamed: "shared")
  4 |     open class var sharedApplication: NSApplication { get }

/Users/icoteril/workspace/spikot-win/Sources/windowobserver.swift:91:41: error: cannot form key path to main actor-isolated property 'frame'
 89 |     // Handle KVO changes (for frame changes) - Needed due to using addObserver
 90 |     override func observeValue(forKeyPath keyPath: String?, of object: Any?, change: [NSKeyValueChangeKey : Any]?, context: UnsafeMutableRawPointer?) {
 91 |         if keyPath == #keyPath(NSWindow.frame) {
    |                                         `- error: cannot form key path to main actor-isolated property 'frame'
 92 |             if let window = object as? NSWindow, let change = change, let newFrame = change[.newKey] as? NSRect {
 93 |                 print("KVO - Window Frame Changed: \(newFrame) for window: \(window)") // You might not need this if you're using Combine
[5/12] Compiling spikot_win state.swift
/Users/icoteril/workspace/spikot-win/Sources/state.swift:124:56: error: main actor-isolated let 'state' can not be referenced from a nonisolated context
119 | 
120 |     // BUG Can fail if more than one window per process is present
121 |     func currentStack() -> Int {
    |          `- note: add '@MainActor' to make instance method 'currentStack()' part of global actor 'MainActor'
122 |         let frontPID = NSWorkspace.shared.frontmostApplication!.processIdentifier
123 |         let frontWin: Window? = self.visibleWindows.first(where: { $0.kCGWindowOwnerPID == frontPID })
124 |         return windowInColumn(window: frontWin!, mode: state.activeMode) ?? -1
    |                                                        `- error: main actor-isolated let 'state' can not be referenced from a nonisolated context
125 |     }
126 | 

/Users/icoteril/workspace/spikot-win/Sources/main.swift:9:5: note: let declared here
 7 |                     useCache: true)
 8 | 
 9 | let state = State(config: config)
   |     `- note: let declared here
10 | state.initialize()
11 | 
[6/12] Compiling spikot_win server.swift
/Users/icoteril/workspace/spikot-win/Sources/server.swift:34:38: error: converting non-sendable function value to '@Sendable (NWConnection.State) -> Void' may introduce data races
 32 |     func start(queue: DispatchQueue) {
 33 |         self.queue = queue
 34 |         self.conn.stateUpdateHandler = self._stateUpdateHandler(state:)
    |                                      `- error: converting non-sendable function value to '@Sendable (NWConnection.State) -> Void' may introduce data races
 35 |         self.conn.start(queue: queue)
 36 |     }

/Users/icoteril/workspace/spikot-win/Sources/server.swift:109:42: error: converting non-sendable function value to '@Sendable (NWListener.State) -> Void' may introduce data races
107 |         self.queue = DispatchQueue.main
108 |         self.listener = try! NWListener.init(using: params, on: port)
109 |         self.listener.stateUpdateHandler = self._stateHandler
    |                                          `- error: converting non-sendable function value to '@Sendable (NWListener.State) -> Void' may introduce data races
110 |         self.listener.newConnectionHandler = self._connectionHandler
111 |     }

/Users/icoteril/workspace/spikot-win/Sources/server.swift:110:44: error: converting non-sendable function value to '@Sendable (NWConnection) -> Void' may introduce data races
108 |         self.listener = try! NWListener.init(using: params, on: port)
109 |         self.listener.stateUpdateHandler = self._stateHandler
110 |         self.listener.newConnectionHandler = self._connectionHandler
    |                                            `- error: converting non-sendable function value to '@Sendable (NWConnection) -> Void' may introduce data races
111 |     }
112 | 
[7/13] Compiling spikot_win main.swift
error: emit-module command failed with exit code 1 (use -v to see invocation)
[8/13] Emitting module spikot_win
/Users/icoteril/workspace/spikot-win/Sources/statusbar.swift:53:1: error: 'main' attribute cannot be used in a module that contains top-level code
51 | }
52 | 
53 | @main
   | `- error: 'main' attribute cannot be used in a module that contains top-level code
54 | struct MyApp: App {
55 |     @NSApplicationDelegateAdaptor(AppDelegate.self) var appDelegate

/Users/icoteril/workspace/spikot-win/Sources/main.swift:1:1: note: top-level code defined in this source file
 1 | import Cocoa
   | |- note: top-level code defined in this source file
   | `- note: pass '-parse-as-library' to compiler invocation if this is intentional
 2 | import Foundation
 3 | 

/Users/icoteril/workspace/spikot-win/Sources/windowobserver.swift:19:46: error: 'Observation' is not a member type of class 'AppKit.NSWindow'
 17 | class WindowObserver {
 18 | 
 19 |     private var windowObservation: [NSWindow.Observation] = []
    |                                              `- error: 'Observation' is not a member type of class 'AppKit.NSWindow'
 20 | 
 21 |     func startObserving() {

AppKit.NSWindow:1:12: note: 'NSWindow' declared here
   1 | open class NSWindow : NSResponder, NSAnimatablePropertyContainer, NSMenuItemValidation, NSUserInterfaceValidations, NSUserInterfaceItemIdentification, NSAppearanceCustomization, NSAccessibilityElementProtocol, NSAccessibilityProtocol {
     |            `- note: 'NSWindow' declared here
   2 |     open class func frameRect(forContentRect cRect: NSRect, styleMask style: NSWindow.StyleMask) -> NSRect
   3 |     @available(swift, obsoleted: 3, renamed: "frameRect(forContentRect:styleMask:)")

/Users/icoteril/workspace/spikot-win/Sources/windowobserver.swift:90:19: error: method does not override any method from its superclass
 88 | 
 89 |     // Handle KVO changes (for frame changes) - Needed due to using addObserver
 90 |     override func observeValue(forKeyPath keyPath: String?, of object: Any?, change: [NSKeyValueChangeKey : Any]?, context: UnsafeMutableRawPointer?) {
    |                   `- error: method does not override any method from its superclass
 91 |         if keyPath == #keyPath(NSWindow.frame) {
 92 |             if let window = object as? NSWindow, let change = change, let newFrame = change[.newKey] as? NSRect {
[9/13] Compiling spikot_win access.swift
/Users/icoteril/workspace/spikot-win/Sources/access.swift:6:26: error: reference to var 'kAXTrustedCheckOptionPrompt' is not concurrency-safe because it involves shared mutable state
 4 | func checkAccess() -> Bool {
 5 |     // get the value for accesibility
 6 |     let checkOptPrompt = kAXTrustedCheckOptionPrompt.takeUnretainedValue() as NSString
   |                          `- error: reference to var 'kAXTrustedCheckOptionPrompt' is not concurrency-safe because it involves shared mutable state
 7 |     // set the options: false means it wont ask
 8 |     // true means it will popup and ask

ApplicationServices.kAXTrustedCheckOptionPrompt:2:12: note: var declared here
1 | @available(macOS 10.9, *)
2 | public var kAXTrustedCheckOptionPrompt: Unmanaged<CFString>
  |            `- note: var declared here
[10/13] Compiling spikot_win windows.swift
